✅ Đã tạo: munich-munich-co-gi-noi-bat-uu-diem-va-ung-dung-thuc-te-2026-06-18.html
✅ Deploy xong: Munich - Munich có gì nổi bật? Ưu điểm và ứng dụng thực tế
✅ Đã tạo: nanohouse-nanohouse-co-gi-noi-bat-uu-diem-va-ung-dung-thuc-te-2026-06-18.html
✅ Deploy xong: Nanohouse - Nanohouse có gì nổi bật? Ưu điểm và ứng dụng thực tế
✅ Đã tạo: kova-kova-co-gi-noi-bat-uu-diem-va-ung-dung-thuc-te-2026-06-18.html
✅ Deploy xong: Kova - Kova có gì nổi bật? Ưu điểm và ứng dụng thực tế
✅ Đã tạo: sika-sika-co-gi-noi-bat-uu-diem-va-ung-dung-thuc-te-2026-06-18.html
✅ Deploy xong: Sika - Sika có gì nổi bật? Ưu điểm và ứng dụng thực tế
✅ Đã tạo: jotun-jotun-co-gi-noi-bat-uu-diem-va-ung-dung-thuc-te-2026-06-18.html
✅ Deploy xong: Jotun - Jotun có gì nổi bật? Ưu điểm và ứng dụng thực tế
✅ Đã tạo: munich-mua-munich-o-dau-uy-tin-tai-hai-phong-2026-06-19.html
✅ Deploy xong: Munich - mua Munich ở đâu uy tín tại Hải Phòng?
✅ Đã tạo: nanohouse-mua-nanohouse-o-dau-uy-tin-tai-hai-phong-2026-06-19.html
✅ Deploy xong: Nanohouse - mua Nanohouse ở đâu uy tín tại Hải Phòng?
✅ Đã tạo: kova-mua-kova-o-dau-uy-tin-tai-hai-phong-2026-06-19.html
✅ Deploy xong: Kova - mua Kova ở đâu uy tín tại Hải Phòng?
✅ Đã tạo: sika-mua-sika-o-dau-uy-tin-tai-hai-phong-2026-06-19.html
✅ Deploy xong: Sika - mua Sika ở đâu uy tín tại Hải Phòng?
✅ Đã tạo: jotun-mua-jotun-o-dau-uy-tin-tai-hai-phong-2026-06-19.html
✅ Deploy xong: Jotun - mua Jotun ở đâu uy tín tại Hải Phòng?
✅ Đã tạo: munich-bang-gia-munich-moi-nhat-tai-hai-phong-2026-2026-06-20.html
[2026-06-20 08:00:18] 🔍 Kiểm tra website: https://tranhuuminhvlxd.id.vn
[2026-06-20 08:00:19] ✅ HTTP 200 OK
[2026-06-20 08:00:19] ✅ index.html: 42234 bytes (>= 20KB)
[2026-06-20 08:00:19] ✅ Có css/style.css
[2026-06-20 08:00:19] ✅ Có js/products.js
[2026-06-20 08:00:19] ✅ Có js/app.js
[2026-06-20 08:00:19] ✅ Có 'Navigation menu'
[2026-06-20 08:00:19] ✅ Có 'Khu vực sản phẩm'
[2026-06-20 08:00:19] ✅ Có 'Footer'
[2026-06-20 08:00:19] ✅ Có 'Nút liên hệ nổi'
[2026-06-20 08:00:19] ✅ Có 'Form đặt hàng'
[2026-06-20 08:00:19] ✅ Có 'Tiêu đề form Munich'
[2026-06-20 08:00:19] ✅ Có 'Form báo giá'
[2026-06-20 08:00:19] ✅ Có 'Đầu danh mục hãng'
[2026-06-20 08:00:19] ✅ Blog: HTTP 200 OK
[2026-06-20 08:00:19] 🎉 OK — website hoạt động bình thường

✅ WEB-CHECK: OK
✅ Deploy xong: Munich - bảng giá Munich mới nhất tại Hải Phòng 2026
✅ Đã tạo: nanohouse-bang-gia-nanohouse-moi-nhat-tai-hai-phong-2026-2026-06-20.html
