Kiểm tra: PASS
✅ File: blog/chong-tham-nha-ve-sinh-ban-cong-bang-munich-g20c-2026-10-05.html
✅ Đã thêm link vào blog/index.html
✅ Đã cập nhật 6 bài mới nhất lên trang chủ
🔧 Đang tạo sitemap.xml...
✅ Đã tạo sitemap.xml với 110 URL
✅ ĐÃ ĐĂNG LÊN WEBSITE: blog/chong-tham-nha-ve-sinh-ban-cong-bang-munich-g20c-2026-10-05.html
✅ IndexNow: đã báo bài mới (HTTP 200)
Kiểm tra: PASS
✅ File: blog/son-epoxy-san-nha-xuong-munich-ep11-ep12-2026-10-05.html
✅ Đã thêm link vào blog/index.html
✅ Đã cập nhật 6 bài mới nhất lên trang chủ
🔧 Đang tạo sitemap.xml...
✅ Đã tạo sitemap.xml với 111 URL
✅ ĐÃ ĐĂNG LÊN WEBSITE: blog/son-epoxy-san-nha-xuong-munich-ep11-ep12-2026-10-05.html
✅ IndexNow: đã báo bài mới (HTTP 200)
Hôm nay đã có 0/2 bài → cần thêm 2.
--- Bài 1: Chống thấm nhà vệ sinh, ban công bằng Munich G20C - Giải pháp tối ưu cho không gian sống của bạn.
--- Bài 2: Sơn Epoxy Sàn Nhà Xưởng Munich - Chọn Lựa Tốt Cho Xây Dựng
==> Đã đăng 2/2 bài
Hôm nay đã có 2/2 bài → cần thêm 0.
Đã đủ bài hôm nay, không cần thêm.
Hôm nay đã có 2/2 bài → cần thêm 0.
Đã đủ bài hôm nay, không cần thêm.
Hôm nay đã có 2/2 bài → cần thêm 0.
Đã đủ bài hôm nay, không cần thêm.
Hôm nay đã có 2/2 bài → cần thêm 0.
Đã đủ bài hôm nay, không cần thêm.
Hôm nay đã có 2/2 bài → cần thêm 0.
Đã đủ bài hôm nay, không cần thêm.
Kiểm tra: PASS
✅ File: blog/vua-rot-khong-co-ngot-munich-grout-g650-cho-chan-cot-2026-10-06.html
✅ Đã thêm link vào blog/index.html
✅ Đã cập nhật 6 bài mới nhất lên trang chủ
🔧 Đang tạo sitemap.xml...
✅ Đã tạo sitemap.xml với 112 URL
