[2026-06-23 08:05] === MORNING CHECK ===
[2026-06-23 08:05] ✅ Blog: 1 bai hom nay
[2026-06-23 08:05] ✅ Noi dung sach
[2026-06-23 08:05] ✅ Web: HTTP 200
[2026-06-23 08:05] ✅ Brands: 9 trang hien thi
[2026-06-23 08:05] ✅ Gallery: OK
[2026-06-23 08:05] ✅ SEO: meta tags OK
[2026-06-23 08:05] ✅ GPU: 3142MB trong
[2026-06-23 08:05] ✅ Disk: 6936MB trong
[2026-06-23 08:05] ---
[2026-06-23 08:05] 📊 Check: 7/7+0 pass | Loi: 0

✅ Morning check hoan tat (2026-06-23 08:05)
   Pass: 7 | Fail: 0
   Log: /home/huu-minh/website-vlxd/logs/check.log
[2026-06-24 08:05] === MORNING CHECK ===
[2026-06-24 08:05] ✅ Blog: 1 bai hom nay
[2026-06-24 08:05] ✅ Noi dung sach
[2026-06-24 08:05] ✅ Web: HTTP 200
[2026-06-24 08:05] ✅ Brands: 9 trang hien thi
[2026-06-24 08:05] ✅ Gallery: OK
[2026-06-24 08:05] ✅ SEO: meta tags OK
[2026-06-24 08:05] ✅ GPU: 3142MB trong
[2026-06-24 08:05] ✅ Disk: 6728MB trong
[2026-06-24 08:05] ---
[2026-06-24 08:05] 📊 Check: 7/7+0 pass | Loi: 0

✅ Morning check hoan tat (2026-06-24 08:05)
   Pass: 7 | Fail: 0
   Log: /home/huu-minh/website-vlxd/logs/check.log
[2026-06-25 08:05] === MORNING CHECK ===
[2026-06-25 08:05] ✅ Blog: 1 bai hom nay
[2026-06-25 08:05] ✅ Noi dung sach
[2026-06-25 08:05] ✅ Web: HTTP 200
[2026-06-25 08:05] ✅ Brands: 9 trang hien thi
[2026-06-25 08:05] ✅ Gallery: OK
[2026-06-25 08:05] ✅ SEO: meta tags OK
[2026-06-25 08:05] ✅ GPU: 3142MB trong
[2026-06-25 08:05] ✅ Disk: 6101MB trong
[2026-06-25 08:05] ---
[2026-06-25 08:05] 📊 Check: 7/7+0 pass | Loi: 0

✅ Morning check hoan tat (2026-06-25 08:05)
   Pass: 7 | Fail: 0
   Log: /home/huu-minh/website-vlxd/logs/check.log
[2026-06-26 08:05] === MORNING CHECK ===
[2026-06-26 08:05] ✅ Blog: 1 bai hom nay
[2026-06-26 08:05] ✅ Noi dung sach
[2026-06-26 08:05] ✅ Web: HTTP 200
[2026-06-26 08:05] ✅ Brands: 9 trang hien thi
[2026-06-26 08:05] ✅ Gallery: OK
[2026-06-26 08:05] ✅ SEO: meta tags OK
[2026-06-26 08:05] ✅ GPU: 3250MB trong
[2026-06-26 08:05] ✅ Disk: 16346MB trong
[2026-06-26 08:05] ---
[2026-06-26 08:05] 📊 Check: 7/7+0 pass | Loi: 0

✅ Morning check hoan tat (2026-06-26 08:05)
   Pass: 7 | Fail: 0
   Log: /home/huu-minh/website-vlxd/logs/check.log
[2026-06-27 08:05] === MORNING CHECK ===
[2026-06-27 08:05] ✅ Blog: 1 bai hom nay
[2026-06-27 08:05] ✅ Noi dung sach
[2026-06-27 08:05] ✅ Web: HTTP 200
[2026-06-27 08:05] ✅ Brands: 9 trang hien thi
[2026-06-27 08:05] ✅ Gallery: OK
[2026-06-27 08:05] ✅ SEO: meta tags OK
[2026-06-27 08:05] ✅ GPU: 3231MB trong
[2026-06-27 08:05] ✅ Disk: 16102MB trong
[2026-06-27 08:05] ---
[2026-06-27 08:05] 📊 Check: 7/7+0 pass | Loi: 0

✅ Morning check hoan tat (2026-06-27 08:05)
   Pass: 7 | Fail: 0
   Log: /home/huu-minh/website-vlxd/logs/check.log
[2026-06-28 08:05] === MORNING CHECK ===
[2026-06-28 08:05] ✅ Blog: 1 bai hom nay
[2026-06-28 08:05] ✅ Noi dung sach
[2026-06-28 08:05] ✅ Web: HTTP 200
[2026-06-28 08:05] ✅ Brands: 9 trang hien thi
[2026-06-28 08:05] ✅ Gallery: OK
[2026-06-28 08:05] ✅ SEO: meta tags OK
[2026-06-28 08:05] ✅ GPU: 5953MB trong
[2026-06-28 08:05] ✅ Disk: 15845MB trong
[2026-06-28 08:05] ---
[2026-06-28 08:05] 📊 Check: 7/7+0 pass | Loi: 0

✅ Morning check hoan tat (2026-06-28 08:05)
   Pass: 7 | Fail: 0
   Log: /home/huu-minh/website-vlxd/logs/check.log
[2026-06-29 08:05] === MORNING CHECK ===
[2026-06-29 08:05] ✅ Blog: 1 bai hom nay
[2026-06-29 08:05] ✅ Noi dung sach
[2026-06-29 08:05] ✅ Web: HTTP 200
[2026-06-29 08:05] ✅ Brands: 9 trang hien thi
[2026-06-29 08:05] ✅ Gallery: OK
[2026-06-29 08:05] ✅ SEO: meta tags OK
[2026-06-29 08:05] ✅ GPU: 5918MB trong
[2026-06-29 08:05] ✅ Disk: 15658MB trong
[2026-06-29 08:05] ---
[2026-06-29 08:05] 📊 Check: 7/7+0 pass | Loi: 0

✅ Morning check hoan tat (2026-06-29 08:05)
   Pass: 7 | Fail: 0
   Log: /home/huu-minh/website-vlxd/logs/check.log
[2026-06-30 08:16] === MORNING CHECK ===
[2026-06-30 08:16] ✅ Blog: 1 bai hom nay
[2026-06-30 08:16] ✅ Noi dung sach
[2026-06-30 08:16] ✅ Web: HTTP 200
[2026-06-30 08:16] ✅ Brands: 9 trang hien thi
[2026-06-30 08:16] ✅ Gallery: OK
[2026-06-30 08:16] ✅ SEO: meta tags OK
[2026-06-30 08:16] ✅ GPU: 5790MB trong
[2026-06-30 08:16] ✅ Disk: 15334MB trong
[2026-06-30 08:16] ---
[2026-06-30 08:16] 📊 Check: 7/7+0 pass | Loi: 0

✅ Morning check hoan tat (2026-06-30 08:16)
   Pass: 7 | Fail: 0
   Log: /home/huu-minh/website-vlxd/logs/check.log
[2026-07-01 08:05] === MORNING CHECK ===
[2026-07-01 08:05] ✅ Blog: 2 bai hom nay
[2026-07-01 08:05] ✅ Noi dung sach
[2026-07-01 08:05] ✅ Web: HTTP 200
[2026-07-01 08:05] ✅ Brands: 9 trang hien thi
[2026-07-01 08:05] ✅ Gallery: OK
[2026-07-01 08:05] ✅ SEO: meta tags OK
[2026-07-01 08:05] ✅ GPU: 5920MB trong
[2026-07-01 08:05] ✅ Disk: 14848MB trong
[2026-07-01 08:05] ---
[2026-07-01 08:05] 📊 Check: 7/7+0 pass | Loi: 0

✅ Morning check hoan tat (2026-07-01 08:05)
   Pass: 7 | Fail: 0
   Log: /home/huu-minh/website-vlxd/logs/check.log
[2026-07-02 08:05] === MORNING CHECK ===
[2026-07-02 08:05] ✅ Blog: 2 bai hom nay
[2026-07-02 08:05] ✅ Noi dung sach
[2026-07-02 08:05] ✅ Web: HTTP 200
[2026-07-02 08:05] ✅ Brands: 9 trang hien thi
[2026-07-02 08:05] ✅ Gallery: OK
[2026-07-02 08:05] ✅ SEO: meta tags OK
[2026-07-02 08:05] ✅ GPU: 5962MB trong
[2026-07-02 08:05] ✅ Disk: 14597MB trong
[2026-07-02 08:05] ---
[2026-07-02 08:05] 📊 Check: 7/7+0 pass | Loi: 0

✅ Morning check hoan tat (2026-07-02 08:05)
   Pass: 7 | Fail: 0
   Log: /home/huu-minh/website-vlxd/logs/check.log
[2026-07-03 08:05] === MORNING CHECK ===
[2026-07-03 08:05] ✅ Blog: 2 bai hom nay
[2026-07-03 08:05] ✅ Noi dung sach
[2026-07-03 08:05] ✅ Web: HTTP 200
[2026-07-03 08:05] ✅ Brands: 9 trang hien thi
[2026-07-03 08:05] ✅ Gallery: OK
[2026-07-03 08:05] ✅ SEO: meta tags OK
[2026-07-03 08:05] ✅ GPU: 5962MB trong
[2026-07-03 08:05] ✅ Disk: 14384MB trong
[2026-07-03 08:05] ---
[2026-07-03 08:05] 📊 Check: 7/7+0 pass | Loi: 0

✅ Morning check hoan tat (2026-07-03 08:05)
   Pass: 7 | Fail: 0
   Log: /home/huu-minh/website-vlxd/logs/check.log
[2026-07-04 08:05] === MORNING CHECK ===
[2026-07-04 08:05] ✅ Blog: 2 bai hom nay
[2026-07-04 08:05] ✅ Noi dung sach
[2026-07-04 08:05] ✅ Web: HTTP 200
[2026-07-04 08:05] ✅ Brands: 9 trang hien thi
[2026-07-04 08:05] ✅ Gallery: OK
[2026-07-04 08:05] ✅ SEO: meta tags OK
[2026-07-04 08:05] ✅ GPU: 5962MB trong
[2026-07-04 08:05] ✅ Disk: 12688MB trong
[2026-07-04 08:05] ---
[2026-07-04 08:05] 📊 Check: 7/7+0 pass | Loi: 0

✅ Morning check hoan tat (2026-07-04 08:05)
   Pass: 7 | Fail: 0
   Log: /home/huu-minh/website-vlxd/logs/check.log
[2026-07-05 08:05] === MORNING CHECK ===
[2026-07-05 08:05] ✅ Blog: 2 bai hom nay
[2026-07-05 08:05] ✅ Noi dung sach
[2026-07-05 08:05] ✅ Web: HTTP 200
[2026-07-05 08:05] ✅ Brands: 9 trang hien thi
[2026-07-05 08:05] ✅ Gallery: OK
[2026-07-05 08:05] ✅ SEO: meta tags OK
[2026-07-05 08:05] ✅ GPU: 5949MB trong
[2026-07-05 08:05] ✅ Disk: 12797MB trong
[2026-07-05 08:05] ---
[2026-07-05 08:05] 📊 Check: 7/7+0 pass | Loi: 0

✅ Morning check hoan tat (2026-07-05 08:05)
   Pass: 7 | Fail: 0
   Log: /home/huu-minh/website-vlxd/logs/check.log
