[2026-09-20 23:40:01] Phat hien bai moi: google4e4fed70d82b0277.html
/home/huu-minh/website-vlxd/publish-queue.sh: line 25: ./blog-post.sh: Permission denied
[2026-09-20 23:40:01] Phat hien bai moi: kyton-k101-chong-tham-nguoc-2026-09-20.html
/home/huu-minh/website-vlxd/publish-queue.sh: line 25: ./blog-post.sh: Permission denied
[2026-09-20 23:40:01] Phat hien bai moi: munich-luxury-son-nano-bac-2026-09-20.html
/home/huu-minh/website-vlxd/publish-queue.sh: line 25: ./blog-post.sh: Permission denied
[2026-09-20 23:50:02] Phat hien bai moi: google4e4fed70d82b0277.html
/home/huu-minh/website-vlxd/publish-queue.sh: line 25: ./blog-post.sh: Permission denied
[2026-09-20 23:50:02] Phat hien bai moi: kyton-k101-chong-tham-nguoc-2026-09-20.html
/home/huu-minh/website-vlxd/publish-queue.sh: line 25: ./blog-post.sh: Permission denied
[2026-09-20 23:50:02] Phat hien bai moi: munich-luxury-son-nano-bac-2026-09-20.html
/home/huu-minh/website-vlxd/publish-queue.sh: line 25: ./blog-post.sh: Permission denied
[2026-09-21 00:00:01] Phat hien bai moi: google4e4fed70d82b0277.html
Kiểm tra: FAIL | quá ngắn (53 ký tự) | thiếu hotline | thiếu tên công ty
❌ KHÔNG ĐĂNG — bài chưa đạt chất lượng
[2026-09-21 00:00:01] Phat hien bai moi: kyton-k101-chong-tham-nguoc-2026-09-20.html
Kiểm tra: PASS
✅ File: blog/kyton-k101-chong-tham-nguoc-2026-09-20.html
✅ Đã thêm link vào blog/index.html
✅ Đã cập nhật 6 bài mới nhất lên trang chủ
🔧 Đang tạo sitemap.xml...
✅ Đã tạo sitemap.xml với 87 URL
✅ ĐÃ ĐĂNG LÊN WEBSITE: blog/kyton-k101-chong-tham-nguoc-2026-09-20.html
✅ IndexNow: đã báo bài mới (HTTP 200)
[2026-09-21 00:00:36] Phat hien bai moi: munich-luxury-son-nano-bac-2026-09-20.html
Kiểm tra: PASS
✅ File: blog/munich-luxury-son-nano-bac-2026-09-20.html
✅ Đã thêm link vào blog/index.html
✅ Đã cập nhật 6 bài mới nhất lên trang chủ
🔧 Đang tạo sitemap.xml...
✅ Đã tạo sitemap.xml với 88 URL
✅ ĐÃ ĐĂNG LÊN WEBSITE: blog/munich-luxury-son-nano-bac-2026-09-20.html
✅ IndexNow: đã báo bài mới (HTTP 200)
[2026-09-21 00:10:01] Phat hien bai moi: google4e4fed70d82b0277.html
Kiểm tra: FAIL | quá ngắn (53 ký tự) | thiếu hotline | thiếu tên công ty
❌ KHÔNG ĐĂNG — bài chưa đạt chất lượng
[2026-09-21 00:20:02] Phat hien bai moi: google4e4fed70d82b0277.html
Kiểm tra: FAIL | quá ngắn (53 ký tự) | thiếu hotline | thiếu tên công ty
❌ KHÔNG ĐĂNG — bài chưa đạt chất lượng
[2026-09-21 00:30:01] Phat hien bai moi: google4e4fed70d82b0277.html
Kiểm tra: FAIL | quá ngắn (53 ký tự) | thiếu hotline | thiếu tên công ty
❌ KHÔNG ĐĂNG — bài chưa đạt chất lượng
[2026-09-21 00:40:01] Phat hien bai moi: google4e4fed70d82b0277.html
Kiểm tra: FAIL | quá ngắn (53 ký tự) | thiếu hotline | thiếu tên công ty
❌ KHÔNG ĐĂNG — bài chưa đạt chất lượng
[2026-09-24 21:50:01] Phat hien bai moi: google4e4fed70d82b0277.html
Kiểm tra: FAIL | quá ngắn (53 ký tự) | thiếu hotline | thiếu tên công ty
❌ KHÔNG ĐĂNG — bài chưa đạt chất lượng
[2026-09-24 22:00:01] Phat hien bai moi: google4e4fed70d82b0277.html
Kiểm tra: FAIL | quá ngắn (53 ký tự) | thiếu hotline | thiếu tên công ty
❌ KHÔNG ĐĂNG — bài chưa đạt chất lượng
[2026-09-24 22:10:01] Phat hien bai moi: google4e4fed70d82b0277.html
Kiểm tra: FAIL | quá ngắn (53 ký tự) | thiếu hotline | thiếu tên công ty
❌ KHÔNG ĐĂNG — bài chưa đạt chất lượng
[2026-09-26 17:50:01] Phat hien bai moi: chong-tham-mai-be-tong-mua-bao-2026-09-26.html
Kiểm tra: PASS
✅ File: blog/chong-tham-mai-be-tong-mua-bao-2026-09-26.html
✅ Đã thêm link vào blog/index.html
✅ Đã cập nhật 6 bài mới nhất lên trang chủ
🔧 Đang tạo sitemap.xml...
✅ Đã tạo sitemap.xml với 89 URL
✅ ĐÃ ĐĂNG LÊN WEBSITE: blog/chong-tham-mai-be-tong-mua-bao-2026-09-26.html
✅ IndexNow: đã báo bài mới (HTTP 200)
[2026-09-26 17:50:37] Phat hien bai moi: google4e4fed70d82b0277.html
Kiểm tra: FAIL | quá ngắn (53 ký tự) | thiếu hotline | thiếu tên công ty
❌ KHÔNG ĐĂNG — bài chưa đạt chất lượng
[2026-09-26 17:50:37] Phat hien bai moi: tinh-luong-chong-tham-san-mai-2026-09-26.html
Kiểm tra: PASS
✅ File: blog/tinh-luong-chong-tham-san-mai-2026-09-26.html
✅ Đã thêm link vào blog/index.html
✅ Đã cập nhật 6 bài mới nhất lên trang chủ
🔧 Đang tạo sitemap.xml...
✅ Đã tạo sitemap.xml với 90 URL
✅ ĐÃ ĐĂNG LÊN WEBSITE: blog/tinh-luong-chong-tham-san-mai-2026-09-26.html
✅ IndexNow: đã báo bài mới (HTTP 200)
[2026-09-26 18:00:02] Phat hien bai moi: google4e4fed70d82b0277.html
Kiểm tra: FAIL | quá ngắn (53 ký tự) | thiếu hotline | thiếu tên công ty
❌ KHÔNG ĐĂNG — bài chưa đạt chất lượng
[2026-09-26 18:10:01] Phat hien bai moi: google4e4fed70d82b0277.html
Kiểm tra: FAIL | quá ngắn (53 ký tự) | thiếu hotline | thiếu tên công ty
❌ KHÔNG ĐĂNG — bài chưa đạt chất lượng
[2026-09-26 18:20:01] Phat hien bai moi: google4e4fed70d82b0277.html
Kiểm tra: FAIL | quá ngắn (53 ký tự) | thiếu hotline | thiếu tên công ty
❌ KHÔNG ĐĂNG — bài chưa đạt chất lượng
[2026-09-26 18:30:01] Phat hien bai moi: google4e4fed70d82b0277.html
Kiểm tra: FAIL | quá ngắn (53 ký tự) | thiếu hotline | thiếu tên công ty
❌ KHÔNG ĐĂNG — bài chưa đạt chất lượng
[2026-09-26 18:40:01] Phat hien bai moi: chon-tho-chong-tham-uy-tin-2026-09-26.html
Kiểm tra: PASS
✅ File: blog/chon-tho-chong-tham-uy-tin-2026-09-26.html
✅ Đã thêm link vào blog/index.html
✅ Đã cập nhật 6 bài mới nhất lên trang chủ
🔧 Đang tạo sitemap.xml...
✅ Đã tạo sitemap.xml với 91 URL
✅ ĐÃ ĐĂNG LÊN WEBSITE: blog/chon-tho-chong-tham-uy-tin-2026-09-26.html
✅ IndexNow: đã báo bài mới (HTTP 200)
[2026-09-26 18:40:36] Da dat gioi han 3 bai/ngay, dung lai.
[2026-09-26 18:50:01] Da dat gioi han 3 bai/ngay, dung lai.
[2026-09-26 19:00:01] Da dat gioi han 3 bai/ngay, dung lai.
[2026-09-26 19:10:01] Da dat gioi han 3 bai/ngay, dung lai.
[2026-09-26 19:20:01] Da dat gioi han 3 bai/ngay, dung lai.
[2026-09-26 19:30:01] Da dat gioi han 3 bai/ngay, dung lai.
[2026-09-26 19:40:01] Da dat gioi han 3 bai/ngay, dung lai.
[2026-09-26 19:50:01] Da dat gioi han 3 bai/ngay, dung lai.
[2026-09-26 20:00:01] Da dat gioi han 3 bai/ngay, dung lai.
[2026-09-26 20:10:01] Da dat gioi han 3 bai/ngay, dung lai.
[2026-09-26 20:20:02] Da dat gioi han 3 bai/ngay, dung lai.
[2026-09-26 20:30:01] Da dat gioi han 3 bai/ngay, dung lai.
[2026-09-26 20:40:01] Da dat gioi han 3 bai/ngay, dung lai.
[2026-09-26 20:50:01] Da dat gioi han 3 bai/ngay, dung lai.
[2026-09-26 21:00:01] Da dat gioi han 3 bai/ngay, dung lai.
[2026-09-26 21:10:01] Da dat gioi han 3 bai/ngay, dung lai.
[2026-09-26 21:20:01] Da dat gioi han 3 bai/ngay, dung lai.
[2026-09-26 21:30:01] Da dat gioi han 3 bai/ngay, dung lai.
[2026-09-26 21:40:01] Da dat gioi han 3 bai/ngay, dung lai.
[2026-09-26 21:50:01] Da dat gioi han 3 bai/ngay, dung lai.
[2026-09-26 22:00:01] Da dat gioi han 3 bai/ngay, dung lai.
[2026-09-26 22:10:01] Da dat gioi han 3 bai/ngay, dung lai.
[2026-09-26 22:20:01] Da dat gioi han 3 bai/ngay, dung lai.
[2026-09-26 22:30:01] Da dat gioi han 3 bai/ngay, dung lai.
[2026-09-26 22:40:01] Da dat gioi han 3 bai/ngay, dung lai.
[2026-09-26 22:50:01] Da dat gioi han 3 bai/ngay, dung lai.
[2026-09-26 23:00:01] Da dat gioi han 3 bai/ngay, dung lai.
[2026-09-26 23:10:01] Da dat gioi han 3 bai/ngay, dung lai.
[2026-09-26 23:20:01] Da dat gioi han 3 bai/ngay, dung lai.
[2026-09-26 23:30:01] Da dat gioi han 3 bai/ngay, dung lai.
[2026-09-26 23:40:01] Da dat gioi han 3 bai/ngay, dung lai.
[2026-09-26 23:50:02] Da dat gioi han 3 bai/ngay, dung lai.
[2026-09-27 00:00:01] Phat hien bai moi: google4e4fed70d82b0277.html
Kiểm tra: FAIL | quá ngắn (53 ký tự) | thiếu hotline | thiếu tên công ty
❌ KHÔNG ĐĂNG — bài chưa đạt chất lượng
[2026-09-27 00:10:01] Phat hien bai moi: google4e4fed70d82b0277.html
Kiểm tra: FAIL | quá ngắn (53 ký tự) | thiếu hotline | thiếu tên công ty
❌ KHÔNG ĐĂNG — bài chưa đạt chất lượng
[2026-09-27 00:20:01] Phat hien bai moi: google4e4fed70d82b0277.html
Kiểm tra: FAIL | quá ngắn (53 ký tự) | thiếu hotline | thiếu tên công ty
❌ KHÔNG ĐĂNG — bài chưa đạt chất lượng
[2026-09-27 00:30:01] Phat hien bai moi: google4e4fed70d82b0277.html
Kiểm tra: FAIL | quá ngắn (53 ký tự) | thiếu hotline | thiếu tên công ty
❌ KHÔNG ĐĂNG — bài chưa đạt chất lượng
[2026-09-27 00:40:01] Phat hien bai moi: google4e4fed70d82b0277.html
Kiểm tra: FAIL | quá ngắn (53 ký tự) | thiếu hotline | thiếu tên công ty
❌ KHÔNG ĐĂNG — bài chưa đạt chất lượng
[2026-09-27 00:50:01] Phat hien bai moi: google4e4fed70d82b0277.html
Kiểm tra: FAIL | quá ngắn (53 ký tự) | thiếu hotline | thiếu tên công ty
❌ KHÔNG ĐĂNG — bài chưa đạt chất lượng
[2026-09-27 01:00:01] Phat hien bai moi: google4e4fed70d82b0277.html
Kiểm tra: FAIL | quá ngắn (53 ký tự) | thiếu hotline | thiếu tên công ty
❌ KHÔNG ĐĂNG — bài chưa đạt chất lượng
[2026-09-27 01:10:01] Phat hien bai moi: google4e4fed70d82b0277.html
Kiểm tra: FAIL | quá ngắn (53 ký tự) | thiếu hotline | thiếu tên công ty
❌ KHÔNG ĐĂNG — bài chưa đạt chất lượng
[2026-09-27 01:20:01] Phat hien bai moi: google4e4fed70d82b0277.html
Kiểm tra: FAIL | quá ngắn (53 ký tự) | thiếu hotline | thiếu tên công ty
❌ KHÔNG ĐĂNG — bài chưa đạt chất lượng
[2026-09-27 01:30:01] Phat hien bai moi: google4e4fed70d82b0277.html
Kiểm tra: FAIL | quá ngắn (53 ký tự) | thiếu hotline | thiếu tên công ty
❌ KHÔNG ĐĂNG — bài chưa đạt chất lượng
[2026-09-27 01:40:01] Phat hien bai moi: google4e4fed70d82b0277.html
Kiểm tra: FAIL | quá ngắn (53 ký tự) | thiếu hotline | thiếu tên công ty
❌ KHÔNG ĐĂNG — bài chưa đạt chất lượng
[2026-09-27 01:50:01] Phat hien bai moi: google4e4fed70d82b0277.html
Kiểm tra: FAIL | quá ngắn (53 ký tự) | thiếu hotline | thiếu tên công ty
❌ KHÔNG ĐĂNG — bài chưa đạt chất lượng
[2026-09-27 02:00:01] Phat hien bai moi: google4e4fed70d82b0277.html
Kiểm tra: FAIL | quá ngắn (53 ký tự) | thiếu hotline | thiếu tên công ty
❌ KHÔNG ĐĂNG — bài chưa đạt chất lượng
[2026-09-27 02:10:01] Phat hien bai moi: google4e4fed70d82b0277.html
Kiểm tra: FAIL | quá ngắn (53 ký tự) | thiếu hotline | thiếu tên công ty
❌ KHÔNG ĐĂNG — bài chưa đạt chất lượng
[2026-09-27 02:20:01] Phat hien bai moi: google4e4fed70d82b0277.html
Kiểm tra: FAIL | quá ngắn (53 ký tự) | thiếu hotline | thiếu tên công ty
❌ KHÔNG ĐĂNG — bài chưa đạt chất lượng
[2026-09-27 02:30:01] Phat hien bai moi: google4e4fed70d82b0277.html
Kiểm tra: FAIL | quá ngắn (53 ký tự) | thiếu hotline | thiếu tên công ty
❌ KHÔNG ĐĂNG — bài chưa đạt chất lượng
[2026-09-27 02:40:01] Phat hien bai moi: google4e4fed70d82b0277.html
Kiểm tra: FAIL | quá ngắn (53 ký tự) | thiếu hotline | thiếu tên công ty
❌ KHÔNG ĐĂNG — bài chưa đạt chất lượng
[2026-09-27 02:50:01] Phat hien bai moi: google4e4fed70d82b0277.html
Kiểm tra: FAIL | quá ngắn (53 ký tự) | thiếu hotline | thiếu tên công ty
❌ KHÔNG ĐĂNG — bài chưa đạt chất lượng
[2026-09-27 03:00:01] Phat hien bai moi: google4e4fed70d82b0277.html
Kiểm tra: FAIL | quá ngắn (53 ký tự) | thiếu hotline | thiếu tên công ty
❌ KHÔNG ĐĂNG — bài chưa đạt chất lượng
[2026-09-27 03:10:01] Phat hien bai moi: google4e4fed70d82b0277.html
Kiểm tra: FAIL | quá ngắn (53 ký tự) | thiếu hotline | thiếu tên công ty
❌ KHÔNG ĐĂNG — bài chưa đạt chất lượng
[2026-09-27 03:20:01] Phat hien bai moi: google4e4fed70d82b0277.html
Kiểm tra: FAIL | quá ngắn (53 ký tự) | thiếu hotline | thiếu tên công ty
❌ KHÔNG ĐĂNG — bài chưa đạt chất lượng
[2026-09-27 03:30:01] Phat hien bai moi: google4e4fed70d82b0277.html
Kiểm tra: FAIL | quá ngắn (53 ký tự) | thiếu hotline | thiếu tên công ty
❌ KHÔNG ĐĂNG — bài chưa đạt chất lượng
[2026-09-27 03:40:02] Phat hien bai moi: google4e4fed70d82b0277.html
Kiểm tra: FAIL | quá ngắn (53 ký tự) | thiếu hotline | thiếu tên công ty
❌ KHÔNG ĐĂNG — bài chưa đạt chất lượng
[2026-09-27 03:50:01] Phat hien bai moi: google4e4fed70d82b0277.html
Kiểm tra: FAIL | quá ngắn (53 ký tự) | thiếu hotline | thiếu tên công ty
❌ KHÔNG ĐĂNG — bài chưa đạt chất lượng
[2026-09-27 04:00:01] Phat hien bai moi: google4e4fed70d82b0277.html
Kiểm tra: FAIL | quá ngắn (53 ký tự) | thiếu hotline | thiếu tên công ty
❌ KHÔNG ĐĂNG — bài chưa đạt chất lượng
[2026-09-27 04:10:01] Phat hien bai moi: google4e4fed70d82b0277.html
Kiểm tra: FAIL | quá ngắn (53 ký tự) | thiếu hotline | thiếu tên công ty
❌ KHÔNG ĐĂNG — bài chưa đạt chất lượng
[2026-09-27 04:20:01] Phat hien bai moi: google4e4fed70d82b0277.html
Kiểm tra: FAIL | quá ngắn (53 ký tự) | thiếu hotline | thiếu tên công ty
❌ KHÔNG ĐĂNG — bài chưa đạt chất lượng
[2026-09-27 04:30:01] Phat hien bai moi: google4e4fed70d82b0277.html
Kiểm tra: FAIL | quá ngắn (53 ký tự) | thiếu hotline | thiếu tên công ty
❌ KHÔNG ĐĂNG — bài chưa đạt chất lượng
[2026-09-27 04:40:01] Phat hien bai moi: google4e4fed70d82b0277.html
Kiểm tra: FAIL | quá ngắn (53 ký tự) | thiếu hotline | thiếu tên công ty
❌ KHÔNG ĐĂNG — bài chưa đạt chất lượng
[2026-09-27 04:50:01] Phat hien bai moi: google4e4fed70d82b0277.html
Kiểm tra: FAIL | quá ngắn (53 ký tự) | thiếu hotline | thiếu tên công ty
❌ KHÔNG ĐĂNG — bài chưa đạt chất lượng
[2026-09-27 05:00:01] Phat hien bai moi: google4e4fed70d82b0277.html
Kiểm tra: FAIL | quá ngắn (53 ký tự) | thiếu hotline | thiếu tên công ty
❌ KHÔNG ĐĂNG — bài chưa đạt chất lượng
[2026-09-27 05:10:01] Phat hien bai moi: google4e4fed70d82b0277.html
Kiểm tra: FAIL | quá ngắn (53 ký tự) | thiếu hotline | thiếu tên công ty
❌ KHÔNG ĐĂNG — bài chưa đạt chất lượng
[2026-09-27 05:20:01] Phat hien bai moi: google4e4fed70d82b0277.html
Kiểm tra: FAIL | quá ngắn (53 ký tự) | thiếu hotline | thiếu tên công ty
❌ KHÔNG ĐĂNG — bài chưa đạt chất lượng
[2026-09-27 05:30:01] Phat hien bai moi: google4e4fed70d82b0277.html
Kiểm tra: FAIL | quá ngắn (53 ký tự) | thiếu hotline | thiếu tên công ty
❌ KHÔNG ĐĂNG — bài chưa đạt chất lượng
[2026-09-27 05:40:01] Phat hien bai moi: google4e4fed70d82b0277.html
Kiểm tra: FAIL | quá ngắn (53 ký tự) | thiếu hotline | thiếu tên công ty
❌ KHÔNG ĐĂNG — bài chưa đạt chất lượng
[2026-09-27 05:50:01] Phat hien bai moi: google4e4fed70d82b0277.html
Kiểm tra: FAIL | quá ngắn (53 ký tự) | thiếu hotline | thiếu tên công ty
❌ KHÔNG ĐĂNG — bài chưa đạt chất lượng
[2026-09-27 06:00:01] Phat hien bai moi: chong-tham-cua-so-mua-hat-2026-09-27.html
Kiểm tra: PASS
✅ File: blog/chong-tham-cua-so-mua-hat-2026-09-27.html
✅ Đã thêm link vào blog/index.html
✅ Đã cập nhật 6 bài mới nhất lên trang chủ
🔧 Đang tạo sitemap.xml...
✅ Đã tạo sitemap.xml với 92 URL
